// Jest Snapshot v1, https://goo.gl/fbAQLP

exports[`Should be able to render a C# class with null warning removed with handleNullable option and should log expected output to console 1`] = `
Array [
  "public partial class Root
{
  public string? email { get; set; }
  public string name { get; set; } = null!;
  public int age { get; set; }
  public System.DateTime applicationDate { get; set; }
  public System.DateTimeOffset timestamp { get; set; }
  public System.DateTime? applicationDate2 { get; set; }
  public System.DateTimeOffset? timestamp2 { get; set; }
  public Dictionary<string, dynamic>[]? nullableFoos { get; set; }
  public Dictionary<string, dynamic>[] mandatoryFoos { get; set; } = null!;
}",
]
`;
