// Jest Snapshot v1, https://goo.gl/fbAQLP

exports[`Should be able to render C# models and should log expected output to console 1`] = `
Array [
  "public partial class Root
{
  private string? email;
  private System.DateTimeOffset? today;
  private System.TimeSpan? duration;
  private System.Guid? userId;

  public string? email 
  {
    get { return email; }
    set { this.email = value; }
  }

  public System.DateTimeOffset? today 
  {
    get { return today; }
    set { this.today = value; }
  }

  public System.TimeSpan? duration 
  {
    get { return duration; }
    set { this.duration = value; }
  }

  public System.Guid? userId 
  {
    get { return userId; }
    set { this.userId = value; }
  }
}",
]
`;
